// Jest Snapshot v1, https://goo.gl/fbAQLP

exports[`<Navigation /> in the header renders <Navigation /> and matches the snapshot 1`] = `
<nav
  className="navigation"
>
  <ul
    className="navigation__main"
  >
    <li
      className="navigation__main__list-item"
      onClick={[MockFunction]}
    >
      <a
        aria-current={null}
        className="navigation__main__list-item__link"
        href="/home"
        onClick={[Function]}
      >
        home
      </a>
    </li>
    <li
      className="navigation__main__list-item"
      onClick={[MockFunction]}
    >
      <a
        aria-current={null}
        className="navigation__main__list-item__link"
        href="/business"
        onClick={[Function]}
      >
        business
      </a>
    </li>
    <li
      className="navigation__main__list-item"
      onClick={[MockFunction]}
    >
      <a
        aria-current={null}
        className="navigation__main__list-item__link"
        href="/entertainment"
        onClick={[Function]}
      >
        entertainment
      </a>
    </li>
    <li
      className="navigation__main__list-item"
      onClick={[MockFunction]}
    >
      <a
        aria-current={null}
        className="navigation__main__list-item__link"
        href="/health"
        onClick={[Function]}
      >
        health
      </a>
    </li>
    <li
      className="navigation__main__list-item"
      onClick={[MockFunction]}
    >
      <a
        aria-current={null}
        className="navigation__main__list-item__link"
        href="/science"
        onClick={[Function]}
      >
        science
      </a>
    </li>
    <li
      className="navigation__main__list-item"
      onClick={[MockFunction]}
    >
      <a
        aria-current={null}
        className="navigation__main__list-item__link"
        href="/sports"
        onClick={[Function]}
      >
        sports
      </a>
    </li>
    <li
      className="navigation__main__list-item"
      onClick={[MockFunction]}
    >
      <a
        aria-current={null}
        className="navigation__main__list-item__link"
        href="/technology"
        onClick={[Function]}
      >
        technology
      </a>
    </li>
  </ul>
</nav>
`;
